[2026-08-20 18:56:30] [INFO] Thread 0
[2026-08-20 18:56:30] [INFO] Thread 1
[2026-08-20 18:56:30] [INFO] Thread 2
[2026-08-20 18:56:30] [INFO] Thread 3
[2026-08-20 18:56:30] [INFO] Thread 4
[2026-08-20 18:56:30] [INFO] Thread 5
[2026-08-20 18:56:30] [INFO] Thread 6
[2026-08-20 18:56:30] [INFO] Thread 7
[2026-08-20 18:56:30] [INFO] Thread 8
[2026-08-20 18:56:30] [INFO] Thread 9
